Read 83 songs.
Processed 3 playlist items.

The Great Gig In The Sky Pink Floyd          Dark Side Of The Moon    4 04:49
New Song                 The Who             Who Are You              1 04:17
Had Enough               The Who             Who Are You              2 04:30
905                      The Who             Who Are You              3 03:56
Sister Disco             The Who             Who Are You              4 04:24
Music Must Change        The Who             Who Are You              5 04:40
Trick of the Light       The Who             Who Are You              6 04:14
Guitar and Pen           The Who             Who Are You              7 05:50
Love is Coming Down      The Who             Who Are You              8 04:02
Who Are You              The Who             Who Are You              9 06:24
Lucy In The Sky With Dia The Beatles         Sgt. Peppers Lonely Hear 3 03:26
Total: 50:32

